// Jest Snapshot v1, https://goo.gl/fbAQLP

exports[`Home should match snapshot 1`] = `
<RCTSafeAreaView
  emulateUnlessSupported={true}
  style={
    Object {
      "flex": 1,
    }
  }
>
  <RCTScrollView
    alwaysBounceVertical={false}
    contentContainerStyle={
      Object {
        "flexGrow": 1,
        "justifyContent": "center",
        "paddingHorizontal": 48,
      }
    }
    style={
      Object {
        "flex": 1,
      }
    }
  >
    <View>
      <Text>
        FullName
      </Text>
      <TextInput
        allowFontScaling={true}
        onChangeText={[Function]}
        rejectResponderTermination={true}
        style={
          Object {
            "borderColor": "#666666",
            "borderWidth": 1,
            "marginBottom": 24,
            "marginTop": 4,
            "padding": 8,
          }
        }
        underlineColorAndroid="transparent"
      />
      <Text>
        Email
      </Text>
      <TextInput
        allowFontScaling={true}
        onChangeText={[Function]}
        rejectResponderTermination={true}
        style={
          Object {
            "borderColor": "#666666",
            "borderWidth": 1,
            "marginBottom": 24,
            "marginTop": 4,
            "padding": 8,
          }
        }
        underlineColorAndroid="transparent"
      />
      <View
        accessible={true}
        focusable={true}
        onClick={[Function]}
        onResponderGrant={[Function]}
        onResponderMove={[Function]}
        onResponderRelease={[Function]}
        onResponderTerminate={[Function]}
        onResponderTerminationRequest={[Function]}
        onStartShouldSetResponder={[Function]}
        style={
          Object {
            "alignItems": "center",
            "backgroundColor": "green",
            "height": 40,
            "justifyContent": "center",
            "opacity": 0.2,
          }
        }
      >
        <Text
          style={
            Object {
              "color": "white",
              "fontSize": 16,
              "lineHeight": 19,
            }
          }
        >
          Submit
        </Text>
      </View>
    </View>
  </RCTScrollView>
</RCTSafeAreaView>
`;
